// Jest Snapshot v1, https://goo.gl/fbAQLP

exports[`ShareList renders ShareList when data fetch is successful 1`] = `
<div>
  <div>
    <a
      class="float-end"
      href="/lists"
    >
      Back to lists
    </a>
    <h1>
      Share 
      foo
    </h1>
    <form
      class="pt-3 pb-3"
    >
      <div
        class="mb-3"
      >
        <label
          class="form-label"
          for="new-email"
        >
          Enter an email to invite someone to share this list:
        </label>
        <input
          class="form-control"
          id="new-email"
          name="new-email"
          placeholder="jane.smith@example.com"
          type="email"
          value=""
        />
      </div>
      <div
        class="d-grid gap-2 mt-3"
      >
        <button
          class="btn btn-success"
          type="submit"
        >
          Share List
        </button>
      </div>
    </form>
    <p
      class="text-lead"
    >
      Or select someone you've previously shared with:
    </p>
    <div
      class="mb-5 list-group"
    >
      <div
        data-test-id="invite-user-id5"
      >
        <button
          class="btn btn-link list-group-item list-group-item-action"
        >
          foobar@example.com
        </button>
      </div>
    </div>
    <div
      class="m-0 row"
    >
      <h2
        class="text-capitalize pe-0 w-auto"
      >
        pending
      </h2>
      <i
        class="far fa-question-circle float-end text-secondary ps-0 w-auto"
        data-test-id="pending-popover"
      />
    </div>
    <div
      class="mb-4 list-group"
    >
      <div
        class="list-group-item"
        data-test-id="pending-user-id2"
        style="display: block;"
      >
        <div
          class="row"
        >
          <div
            class="pt-1 col-md-6"
          >
            bar@example.com
          </div>
          <div
            class="pt-1 col-md-4"
          >
            <span
              class="badge"
              data-test-id="perm-write"
              variant="success"
            >
              write
            </span>
          </div>
          <div
            class="col-md-2"
          >
            <div
              class="float-end btn-group"
              role="group"
            >
              <button
                class="p-0 me-4 btn btn-link"
                data-test-id="toggle-permissions"
                type="button"
              >
                <i
                  class="fas fa-angle-double-down fa-2x text-warning"
                />
              </button>
              <button
                class="p-0 btn btn-link"
                data-test-id="remove-share"
                type="button"
              >
                <i
                  class="fa fa-trash fa-2x text-danger"
                />
              </button>
            </div>
          </div>
        </div>
      </div>
    </div>
    <div
      class="m-0 row"
    >
      <h2
        class="text-capitalize pe-0 w-auto"
      >
        accepted
      </h2>
      <i
        class="far fa-question-circle float-end text-secondary ps-0 w-auto"
        data-test-id="accepted-popover"
      />
    </div>
    <div
      class="mb-4 list-group"
    >
      <div
        class="list-group-item"
        data-test-id="accepted-user-id1"
        style="display: block;"
      >
        <div
          class="row"
        >
          <div
            class="pt-1 col-md-6"
          >
            foo@example.com
          </div>
          <div
            class="pt-1 col-md-4"
          >
            <span
              class="badge"
              data-test-id="perm-read"
              variant="primary"
            >
              read
            </span>
          </div>
          <div
            class="col-md-2"
          >
            <div
              class="float-end btn-group"
              role="group"
            >
              <button
                class="p-0 me-4 btn btn-link"
                data-test-id="toggle-permissions"
                type="button"
              >
                <i
                  class="fas fa-angle-double-up fa-2x text-warning"
                />
              </button>
              <button
                class="p-0 btn btn-link"
                data-test-id="remove-share"
                type="button"
              >
                <i
                  class="fa fa-trash fa-2x text-danger"
                />
              </button>
            </div>
          </div>
        </div>
      </div>
      
    </div>
    <h2>
      Refused
    </h2>
    <div
      class="list-group"
    >
      <div
        class="list-group-item"
        data-test-id="refused-user-id3"
        style="display: block;"
      >
        <div
          class="row"
        >
          <div
            class="pt-1 col-md-6"
          >
            baz@example.com
          </div>
          <div
            class="pt-1 col-md-4"
          />
          <div
            class="col-md-2"
          >
            <div
              class="float-end btn-group"
              role="group"
            >
              <button
                class="p-0 me-3 btn btn-link"
                data-test-id="refresh-share"
                type="button"
              >
                <i
                  class="fa fa-redo fa-2x text-primary"
                />
              </button>
            </div>
          </div>
        </div>
      </div>
    </div>
  </div>
</div>
`;

exports[`ShareList renders loading when data fetch is not complete 1`] = `
<div>
  <div
    style="display: flex; justify-content: center; align-items: center;"
  >
    <div
      class="spinner-border"
      role="status"
      style="width: 100px; height: 100px; position: absolute; top: 50%;"
    >
      <span
        class="sr-only"
      >
        Loading...
      </span>
    </div>
  </div>
</div>
`;

exports[`ShareList renders unknown error component when error occurs 1`] = `
<div>
  <h1>
    Something went wrong!
  </h1>
  <h2>
    We are currently unable to render this page.
  </h2>
  <p>
    Please check your connection and try to Â 
    <button
      style="background-color: transparent; cursor: pointer; display: inline; margin: 0px; padding: 0px; color: rgb(0, 123, 255); text-decoration: none;"
    >
      refresh the page
    </button>
  </p>
</div>
`;
