// Jest Snapshot v1, https://goo.gl/fbAQLP

exports[`EditListItem displays EditListItem 1`] = `
<div>
  <h1>
    Edit 
    foo
  </h1>
  <br />
  <form
    autocomplete="off"
    class=""
  >
    <div
      class="form-group"
    >
      <label
        class="form-label"
        for="product"
      >
        Product
      </label>
      <input
        class="form-control"
        id="product"
        name="product"
        placeholder="apples"
        type="text"
        value="foo"
      />
    </div>
    <div
      class="form-group"
    >
      <label
        class="form-label"
        for="quantity"
      >
        Quantity
      </label>
      <input
        class="form-control"
        id="quantity"
        name="quantity"
        placeholder="3 bags"
        type="text"
        value=""
      />
    </div>
    <div
      class="form-group"
    >
      <label
        class="form-label"
        for="category"
      >
        Category
      </label>
      <input
        class="form-control"
        id="category"
        list="categories"
        name="category"
        type="text"
        value=""
      />
      <datalist
        id="categories"
      />
    </div>
    <div
      class="mb-3 form-group"
    >
      <div
        class="form-check"
      >
        <input
          class="form-check-input"
          id="purchased"
          name="purchased"
          type="checkbox"
        />
        <label
          class="form-check-label"
          for="purchased"
          title=""
        >
          Purchased
        </label>
      </div>
    </div>
    <button
      class="btn btn-success btn-block"
      type="submit"
    >
      Update Item
    </button>
    <a
      class="btn btn-link btn-block"
      href="/lists/1"
    >
      Cancel
    </a>
  </form>
</div>
`;

exports[`EditListItem displays UnknownError when an error occurs 1`] = `
<div>
  <h1>
    Something went wrong!
  </h1>
  <h2>
    We are currently unable to render this page.
  </h2>
  <p>
    Please check your connection and try to Â 
    <button
      style="background-color: transparent; cursor: pointer; display: inline; margin: 0px; padding: 0px; color: rgb(0, 123, 255); text-decoration: none;"
    >
      refresh the page
    </button>
  </p>
</div>
`;

exports[`EditListItem renders the Loading component when fetch request is pending 1`] = `
<div>
  <div
    style="display: flex; justify-content: center; align-items: center;"
  >
    <div
      class="spinner-border"
      role="status"
      style="width: 100px; height: 100px; position: absolute; top: 50%;"
    >
      <span
        class="sr-only"
      >
        Loading...
      </span>
    </div>
  </div>
</div>
`;
