// Jest Snapshot v1, https://goo.gl/fbAQLP

exports[`NoFilter renders a disabled button 1`] = `
<div>
  <button
    class="btn btn-light"
    disabled=""
    id="no-filter"
    type="button"
  >
    Filter by category
  </button>
</div>
`;
