// Jest Snapshot v1, https://goo.gl/fbAQLP

exports[`EmailField renders input 1`] = `
<div
  class="mb-3"
>
  <label
    class="form-label"
    for="email"
  >
    Email
  </label>
  <input
    class="form-control"
    id="email"
    name="email"
    placeholder="jane.smith@example.com"
    type="email"
    value="test@test"
  />
</div>
`;
