// Jest Snapshot v1, https://goo.gl/fbAQLP

exports[`NewPassword requests new password 1`] = `
<div>
  <h2>
    Forgot your password?
  </h2>
  <form
    autocomplete="off"
    class=""
  >
    <div
      class="mb-3"
    >
      <label
        class="form-label"
        for="email"
      >
        Email
      </label>
      <input
        class="form-control"
        id="email"
        name="email"
        placeholder="jane.smith@example.com"
        type="email"
        value=""
      />
    </div>
    <div
      class="d-grid gap-2 mt-3"
    >
      <button
        class="btn btn-success"
        type="submit"
      >
        Send me reset password instructions
      </button>
    </div>
  </form>
  <a
    data-discover="true"
    href="/users/sign_in"
  >
    Log in
  </a>
</div>
`;
