// Jest Snapshot v1, https://goo.gl/fbAQLP

exports[`ListForm renders 1`] = `
<div>
  <button
    aria-controls="form-collapse"
    aria-expanded="false"
    class="btn btn-link"
    type="button"
  >
    Add List
  </button>
</div>
`;
