// Jest Snapshot v1, https://goo.gl/fbAQLP

exports[`MergeModal renders 1`] = `
<div>
  <div
    class="modal show"
    role="dialog"
  >
    <div
      class="modal-header"
    >
      <button
        aria-label="Close"
        type="button"
      />
      <h5
        class="modal-title"
      >
        Merge 
        "name", "name"
      </h5>
    </div>
    <div
      class="modal-body"
    >
      <form
        class=""
      >
        <div
          class="mb-3"
        >
          <label
            class="form-label"
            for="mergeName"
          >
            Name for the merged list
          </label>
          <input
            class="form-control"
            id="mergeName"
            name="mergeName"
            placeholder="My super cool list"
            type="text"
            value=""
          />
        </div>
      </form>
    </div>
    <div
      class="modal-footer"
    >
      <button
        class="btn btn-secondary"
        data-test-id="clear-merge"
        type="button"
      >
        Close
      </button>
      <button
        class="merge-modal-confirm-disabled btn btn-primary"
        data-test-id="confirm-merge"
        disabled=""
        type="button"
      >
        Merge lists
      </button>
    </div>
  </div>
</div>
`;
