// Jest Snapshot v1, https://goo.gl/fbAQLP

exports[`Share renders a link 1`] = `
<a
  class="p-0 mr-3 "
  data-test-id="foo"
  href="/fake/route"
>
  <i
    class="fa fa-users fa-2x text-primary"
  />
</a>
`;
